// Jest Snapshot v1, https://goo.gl/fbAQLP

exports[`Dashboard routes default routes 1`] = `
Array [
  Object {
    "component": [Function],
    "icon": [Function],
    "navbarName": "accessibility.navbar",
    "path": "/dashboard/accessibility",
    "sidebarName": "accessibility.sidebar",
  },
  Object {
    "component": [Function],
    "icon": [Function],
    "navbarName": "viewOne.navbar",
    "path": "/dashboard/view-one",
    "sidebarName": "viewOne.sidebar",
  },
  Object {
    "component": [Function],
    "icon": [Function],
    "navbarName": "viewTwo.navbar",
    "path": "/dashboard/view-two",
    "sidebarName": "viewTwo.sidebar",
  },
  Object {
    "component": [Function],
    "icon": [Function],
    "navbarName": "configuration.navbar",
    "path": "/dashboard/config",
    "sidebarName": "configuration.sidebar",
  },
  Object {
    "component": [Function],
    "icon": [Function],
    "navbarName": "report.navbar",
    "path": "/dashboard/report",
    "sidebarName": "report.sidebar",
  },
]
`;
